[2026-04-09 12:09:36] local.ERROR: Error 500 - Alert Sent {"code":500,"path":"admin/menus/1/edit","error":"Missing required parameter for [Route: admin.menus.item.create] [URI: admin/menus/{menu}/items/create] [Missing parameter: menu]. (View: H:\\FlyEnv\\PhpWebStudy-Data\\server\\www\\Hatch-websites\\public_html\\resources\\views\\admin\\menus\\edit.blade.php)"} 
[2026-04-09 12:12:03] local.ERROR: Error 500 - Alert Sent {"code":500,"path":"/","error":"Trait \"Illuminate\\Foundation\\Auth\\ResetsPasswords\" not found"} 
[2026-04-09 12:12:10] local.ERROR: Error 500 - Alert Sent {"code":500,"path":"/","error":"Trait \"Illuminate\\Foundation\\Auth\\ResetsPasswords\" not found"} 
[2026-04-09 12:26:04] local.ERROR: Error 500 - Alert Sent {"code":500,"path":"/","error":"SQLSTATE[42S01]: Base table or view already exists: 1050 Table 'collection_categories' already exists (Connection: mysql, SQL: create table `collection_categories` (`id` int unsigned not null auto_increment primary key, `name` varchar(255) null, `name_ar` varchar(255) null, `order_number` int unsigned null, `created_at` timestamp null, `updated_at` timestamp null) default character set utf8 collate 'utf8_unicode_ci')"} 
[2026-04-09 12:26:41] local.ERROR: Error 500 - Alert Sent {"code":500,"path":"/","error":"Command \"tinker\" is not defined."} 
[2026-04-09 12:27:13] local.ERROR: Error 500 - Alert Sent {"code":500,"path":"admin/menus/1/edit","error":"Missing required parameter for [Route: admin.menus.item.create] [URI: admin/menus/{menu}/items/create] [Missing parameter: menu]. (View: H:\\FlyEnv\\PhpWebStudy-Data\\server\\www\\Hatch-websites\\public_html\\resources\\views\\admin\\menus\\edit.blade.php)"} 
[2026-04-09 12:28:06] local.ERROR: Error 500 - Alert Sent {"code":500,"path":"/","error":"The \"--columns\" option does not exist."} 
[2026-04-09 13:14:40] local.ERROR: Error 500 - Alert Sent {"code":500,"path":"/","error":"Trait \"Illuminate\\Foundation\\Auth\\ResetsPasswords\" not found"} 
[2026-04-09 13:36:10] local.ERROR: Error 500 - Alert Sent {"code":500,"path":"/","error":"Command \"pint\" is not defined."} 
[2026-04-09 13:38:56] local.ERROR: Error 500 - Alert Sent {"code":500,"path":"/","error":"Command \"test\" is not defined.

Did you mean one of these?
    make:test
    schedule:test"} 
[2026-04-09 13:48:44] local.ERROR: Error 500 - Alert Sent {"code":500,"path":"admin/menus/order","error":"strtolower(): Argument #1 ($string) must be of type string, array given"} 
[2026-04-09 13:48:45] local.ERROR: Error 500 - Alert Sent {"code":500,"path":"admin/menus/order","error":"strtolower(): Argument #1 ($string) must be of type string, array given"} 
[2026-04-09 13:49:41] local.ERROR: Error 500 - Alert Sent {"code":500,"path":"admin/menus/1/items/order","error":"strtolower(): Argument #1 ($string) must be of type string, array given"} 
[2026-04-09 13:56:57] local.ERROR: Error 500 - Alert Sent {"code":500,"path":"/","error":"Method Illuminate\\Http\\Request::getFirstArgument does not exist."} 
[2026-04-09 13:56:57] local.ERROR: Error 500 - Alert Sent {"code":500,"path":"/","error":"Symfony\\Component\\Console\\Application::renderThrowable(): Argument #2 ($output) must be of type Symfony\\Component\\Console\\Output\\OutputInterface, null given, called in H:\\FlyEnv\\PhpWebStudy-Data\\server\\www\\Hatch-websites\\public_html\\vendor\\laravel\\framework\\src\\Illuminate\\Foundation\\Exceptions\\Handler.php on line 856"} 
[2026-04-09 13:57:12] local.ERROR: Error 500 - Alert Sent {"code":500,"path":"/","error":"Method Illuminate\\Http\\Request::getFirstArgument does not exist."} 
[2026-04-09 13:57:12] local.ERROR: Error 500 - Alert Sent {"code":500,"path":"/","error":"Symfony\\Component\\Console\\Application::renderThrowable(): Argument #2 ($output) must be of type Symfony\\Component\\Console\\Output\\OutputInterface, null given, called in H:\\FlyEnv\\PhpWebStudy-Data\\server\\www\\Hatch-websites\\public_html\\vendor\\laravel\\framework\\src\\Illuminate\\Foundation\\Exceptions\\Handler.php on line 856"} 
[2026-04-09 13:59:43] local.ERROR: Error 500 - Alert Sent {"code":500,"path":"admin/menus/1/items/order","error":"strtolower(): Argument #1 ($string) must be of type string, array given"} 
[2026-04-09 14:00:00] local.ERROR: Error 500 - Alert Sent {"code":500,"path":"admin/menus/1/items/order","error":"strtolower(): Argument #1 ($string) must be of type string, array given"} 
[2026-04-09 14:00:36] local.ERROR: Error 500 - Alert Sent {"code":500,"path":"admin/menus/order","error":"strtolower(): Argument #1 ($string) must be of type string, array given"} 
[2026-04-09 14:12:02] local.ERROR: Error 422 - Alert Sent {"code":422,"path":"admin/menus/2/items/5","error":"The order must be an integer."} 
[2026-04-09 14:12:22] local.ERROR: Error 422 - Alert Sent {"code":422,"path":"admin/menus/2/items/5","error":"The order must be an integer."} 
[2026-04-09 14:25:30] local.ERROR: Error 422 - Alert Sent {"code":422,"path":"admin/menus/2/items/5","error":"The order must be an integer."} 
[2026-04-09 14:25:47] local.ERROR: Error 422 - Alert Sent {"code":422,"path":"admin/menus/2/items","error":"The order must be an integer."} 
[2026-04-09 15:01:09] local.ERROR: Error 404 - Alert Sent {"code":404,"path":"about","error":"The route about could not be found."} 
[2026-04-09 15:01:37] local.ERROR: Error 404 - Alert Sent {"code":404,"path":"programs","error":"The route programs could not be found."} 
[2026-04-09 15:03:03] local.ERROR: Error 404 - Alert Sent {"code":404,"path":"programs","error":"The route programs could not be found."} 
[2026-04-09 15:05:30] local.ERROR: Error 404 - Alert Sent {"code":404,"path":"programs","error":"The route programs could not be found."} 
[2026-04-09 15:07:35] local.ERROR: Error 404 - Alert Sent {"code":404,"path":"programs","error":"The route programs could not be found."} 
[2026-04-09 15:21:20] local.ERROR: Error 404 - Alert Sent {"code":404,"path":"programs","error":"The route programs could not be found."} 
[2026-04-09 15:24:00] local.ERROR: Error 404 - Alert Sent {"code":404,"path":"programs","error":"The route programs could not be found."} 
[2026-04-09 15:31:37] local.ERROR: Error 422 - Alert Sent {"code":422,"path":"admin/menus","error":"The order must be an integer."} 
[2026-04-09 15:32:22] local.ERROR: Error 422 - Alert Sent {"code":422,"path":"admin/menus","error":"The order must be an integer."} 
[2026-04-09 15:32:48] local.ERROR: Error 422 - Alert Sent {"code":422,"path":"admin/menus","error":"The order must be an integer."} 
[2026-04-09 15:41:43] local.ERROR: Error 422 - Alert Sent {"code":422,"path":"admin/menus","error":"The order must be an integer."} 
[2026-04-09 15:41:48] local.ERROR: Error 422 - Alert Sent {"code":422,"path":"admin/menus","error":"The order must be an integer."} 
[2026-04-09 15:41:58] local.ERROR: Error 422 - Alert Sent {"code":422,"path":"admin/menus","error":"The order must be an integer."} 
[2026-04-09 15:42:09] local.ERROR: Error 422 - Alert Sent {"code":422,"path":"admin/menus","error":"The order must be an integer."} 
[2026-04-09 15:42:19] local.ERROR: Error 422 - Alert Sent {"code":422,"path":"admin/menus","error":"The order must be an integer."} 
[2026-04-09 15:47:33] local.ERROR: Error 404 - Alert Sent {"code":404,"path":"programs","error":"The route programs could not be found."} 
[2026-04-09 15:48:35] local.ERROR: Error 500 - Alert Sent {"code":500,"path":"admin/menus/3/items","error":"SQLSTATE[23000]: Integrity constraint violation: 1452 Cannot add or update a child row: a foreign key constraint fails (`satv1`.`menu_items`, CONSTRAINT `menu_items_parent_id_foreign` FOREIGN KEY (`parent_id`) REFERENCES `menu_items` (`id`) ON DELETE CASCADE) (Connection: mysql, SQL: insert into `menu_items` (`parent_id`, `title_en`, `title_ar`, `href`, `active`, `order`, `has_sub_items`, `menu_id`, `updated_at`, `created_at`) values (, Mission, الرسالة, /pages/about/mission, 1, 0, 1, 3, 2026-04-09 15:48:35, 2026-04-09 15:48:35))"} 
[2026-04-09 15:50:35] local.ERROR: Error 404 - Alert Sent {"code":404,"path":"programs","error":"The route programs could not be found."} 
[2026-04-09 16:02:04] local.ERROR: Error 404 - Alert Sent {"code":404,"path":"programs","error":"The route programs could not be found."} 
[2026-04-09 16:05:20] local.ERROR: Error 404 - Alert Sent {"code":404,"path":"programs","error":"The route programs could not be found."} 
[2026-04-09 16:06:04] local.ERROR: Error 404 - Alert Sent {"code":404,"path":"programs","error":"The route programs could not be found."} 
[2026-04-09 16:06:21] local.ERROR: Error 404 - Alert Sent {"code":404,"path":"programs","error":"The route programs could not be found."} 
[2026-04-09 16:06:53] local.ERROR: Error 404 - Alert Sent {"code":404,"path":"programs","error":"The route programs could not be found."} 
[2026-04-09 16:07:43] local.ERROR: Error 404 - Alert Sent {"code":404,"path":"programs","error":"The route programs could not be found."} 
[2026-04-09 16:23:47] local.ERROR: Error 404 - Alert Sent {"code":404,"path":"programs","error":"The route programs could not be found."} 
[2026-04-09 16:25:55] local.ERROR: Error 404 - Alert Sent {"code":404,"path":"programs","error":"The route programs could not be found."} 
[2026-04-09 16:26:23] local.ERROR: Error 404 - Alert Sent {"code":404,"path":"programs","error":"The route programs could not be found."} 
[2026-04-09 16:28:02] local.ERROR: Error 404 - Alert Sent {"code":404,"path":"programs","error":"The route programs could not be found."} 
[2026-04-09 16:32:33] local.ERROR: Error 404 - Alert Sent {"code":404,"path":"programs","error":"The route programs could not be found."} 
[2026-04-09 16:50:56] local.ERROR: Error 500 - Alert Sent {"code":500,"path":"pages/programmes","error":"View [menu-mobile] not found. (View: H:\\FlyEnv\\PhpWebStudy-Data\\server\\www\\Hatch-websites\\public_html\\resources\\views\\header-inner.blade.php) (View: H:\\FlyEnv\\PhpWebStudy-Data\\server\\www\\Hatch-websites\\public_html\\resources\\views\\header-inner.blade.php) (View: H:\\FlyEnv\\PhpWebStudy-Data\\server\\www\\Hatch-websites\\public_html\\resources\\views\\header-inner.blade.php)"} 
